#-----------------------------------------------------------
# Webtalk v2019.1 (64-bit)
# SW Build 2552052 on Fri May 24 14:49:42 MDT 2019
# IP Build 2548770 on Fri May 24 18:01:18 MDT 2019
# Start of session at: Tue Jan 11 17:48:20 2022
# Process ID: 9552
# Current directory: C:/Users/super/Desktop/magistrale/architetture/progettiVHDL/Esercizio9.2_nuovo_vs/Esercizio9.2_nuovo_vs.sim/sim_1/behav/xsim
# Command line: wbtcv.exe -mode batch -source C:/Users/super/Desktop/magistrale/architetture/progettiVHDL/Esercizio9.2_nuovo_vs/Esercizio9.2_nuovo_vs.sim/sim_1/behav/xsim/xsim.dir/sim_sistema_comp_behav/webtalk/xsim_webtalk.tcl -notrace
# Log file: C:/Users/super/Desktop/magistrale/architetture/progettiVHDL/Esercizio9.2_nuovo_vs/Esercizio9.2_nuovo_vs.sim/sim_1/behav/xsim/webtalk.log
# Journal file: C:/Users/super/Desktop/magistrale/architetture/progettiVHDL/Esercizio9.2_nuovo_vs/Esercizio9.2_nuovo_vs.sim/sim_1/behav/xsim\webtalk.jou
#-----------------------------------------------------------
source C:/Users/super/Desktop/magistrale/architetture/progettiVHDL/Esercizio9.2_nuovo_vs/Esercizio9.2_nuovo_vs.sim/sim_1/behav/xsim/xsim.dir/sim_sistema_comp_behav/webtalk/xsim_webtalk.tcl -notrace
